// Jest Snapshot v1, https://goo.gl/fbAQLP

exports[`choose account renders as expected 1`] = `
ShallowWrapper {
  Symbol(enzyme.__root__): [Circular],
  Symbol(enzyme.__unrendered__): <Connect(ChooseAccount)
    store={
      Object {
        "clearActions": [Function],
        "dispatch": [Function],
        "getActions": [Function],
        "getState": [Function],
        "replaceReducer": [Function],
        "subscribe": [Function],
      }
    }
  />,
  Symbol(enzyme.__renderer__): Object {
    "batchedUpdates": [Function],
    "getNode": [Function],
    "render": [Function],
    "simulateError": [Function],
    "simulateEvent": [Function],
    "unmount": [Function],
  },
  Symbol(enzyme.__node__): Object {
    "instance": null,
    "key": undefined,
    "nodeType": "class",
    "props": Object {
      "bankAccountList": Array [
        Object {
          "accountNumber": "accNumber1",
          "accountType": "account1",
          "sortCode": "sortcode1",
        },
        Object {
          "accountNumber": "accNumber2",
          "accountType": "account2",
          "sortCode": "sortcode2",
        },
        Object {
          "accountNumber": "accNumber3",
          "accountType": "account3",
          "sortCode": "sortcode3",
        },
      ],
      "dispatch": [Function],
      "selectedBank": Object {
        "bankName": "bank1",
        "logoImage": "bank1logo",
      },
      "selectedBankAccount": Object {
        "accountNumber": "accNumber1",
        "accountType": "account1",
        "sortCode": "sortcode1",
      },
      "store": Object {
        "clearActions": [Function],
        "dispatch": [Function],
        "getActions": [Function],
        "getState": [Function],
        "replaceReducer": [Function],
        "subscribe": [Function],
      },
      "storeSubscription": Subscription {
        "listeners": Object {
          "clear": [Function],
          "get": [Function],
          "notify": [Function],
          "subscribe": [Function],
        },
        "onStateChange": [Function],
        "parentSub": undefined,
        "store": Object {
          "clearActions": [Function],
          "dispatch": [Function],
          "getActions": [Function],
          "getState": [Function],
          "replaceReducer": [Function],
          "subscribe": [Function],
        },
        "unsubscribe": [Function],
      },
    },
    "ref": null,
    "rendered": null,
    "type": [Function],
  },
  Symbol(enzyme.__nodes__): Array [
    Object {
      "instance": null,
      "key": undefined,
      "nodeType": "class",
      "props": Object {
        "bankAccountList": Array [
          Object {
            "accountNumber": "accNumber1",
            "accountType": "account1",
            "sortCode": "sortcode1",
          },
          Object {
            "accountNumber": "accNumber2",
            "accountType": "account2",
            "sortCode": "sortcode2",
          },
          Object {
            "accountNumber": "accNumber3",
            "accountType": "account3",
            "sortCode": "sortcode3",
          },
        ],
        "dispatch": [Function],
        "selectedBank": Object {
          "bankName": "bank1",
          "logoImage": "bank1logo",
        },
        "selectedBankAccount": Object {
          "accountNumber": "accNumber1",
          "accountType": "account1",
          "sortCode": "sortcode1",
        },
        "store": Object {
          "clearActions": [Function],
          "dispatch": [Function],
          "getActions": [Function],
          "getState": [Function],
          "replaceReducer": [Function],
          "subscribe": [Function],
        },
        "storeSubscription": Subscription {
          "listeners": Object {
            "clear": [Function],
            "get": [Function],
            "notify": [Function],
            "subscribe": [Function],
          },
          "onStateChange": [Function],
          "parentSub": undefined,
          "store": Object {
            "clearActions": [Function],
            "dispatch": [Function],
            "getActions": [Function],
            "getState": [Function],
            "replaceReducer": [Function],
            "subscribe": [Function],
          },
          "unsubscribe": [Function],
        },
      },
      "ref": null,
      "rendered": null,
      "type": [Function],
    },
  ],
  Symbol(enzyme.__options__): Object {
    "adapter": ReactSixteenAdapter {
      "options": Object {
        "enableComponentDidUpdateOnSetState": true,
        "lifecycles": Object {
          "componentDidUpdate": Object {
            "onSetState": true,
          },
          "getDerivedStateFromProps": true,
          "getSnapshotBeforeUpdate": true,
          "setState": Object {
            "skipsComponentDidUpdateOnNullish": true,
          },
        },
      },
    },
    "attachTo": undefined,
    "hydrateIn": undefined,
  },
}
`;
