// Jest Snapshot v1, https://goo.gl/fbAQLP

exports[`spent so far renders as expected 1`] = `
ShallowWrapper {
  Symbol(enzyme.__root__): [Circular],
  Symbol(enzyme.__unrendered__): <SpentSoFar />,
  Symbol(enzyme.__renderer__): Object {
    "batchedUpdates": [Function],
    "getNode": [Function],
    "render": [Function],
    "simulateError": [Function],
    "simulateEvent": [Function],
    "unmount": [Function],
  },
  Symbol(enzyme.__node__): Object {
    "instance": null,
    "key": undefined,
    "nodeType": "class",
    "props": Object {
      "children": Array [
        <Component
          style={
            Object {
              "borderBottomColor": "#ccc",
              "borderBottomWidth": 1,
              "marginVertical": 20,
              "paddingBottom": 20,
            }
          }
        >
          <Text
            accessible={true}
            allowFontScaling={true}
            ellipsizeMode="tail"
            style={
              Object {
                "fontSize": 18,
                "fontWeight": "bold",
              }
            }
          >
            Spent so far
          </Text>
        </Component>,
        <Styled(Component)
          style={
            Object {
              "alignContent": "center",
              "alignSelf": "center",
              "flexDirection": "row",
              "marginVertical": 20,
            }
          }
        >
          <TouchableOpacity
            activeOpacity={0.2}
            onPress={[Function]}
            style={
              Array [
                Object {
                  "backgroundColor": "#ccc",
                  "borderBottomWidth": 4,
                  "borderWidth": 1,
                  "height": 60,
                  "justifyContent": "center",
                  "paddingHorizontal": 30,
                },
                Object {
                  "backgroundColor": "#529FBE",
                },
              ]
            }
          >
            <Text
              accessible={true}
              allowFontScaling={true}
              ellipsizeMode="tail"
              style={
                Array [
                  Object {
                    "color": "#000",
                    "fontSize": 20,
                  },
                  Object {
                    "color": "#fff",
                  },
                ]
              }
            >
              All
            </Text>
          </TouchableOpacity>
          <TouchableOpacity
            activeOpacity={0.2}
            onPress={[Function]}
            style={
              Array [
                Object {
                  "backgroundColor": "#ccc",
                  "borderBottomWidth": 4,
                  "borderWidth": 1,
                  "height": 60,
                  "justifyContent": "center",
                  "paddingHorizontal": 30,
                },
                "",
              ]
            }
          >
            <Text
              accessible={true}
              allowFontScaling={true}
              ellipsizeMode="tail"
              style={
                Array [
                  Object {
                    "color": "#000",
                    "fontSize": 20,
                  },
                  "",
                ]
              }
            >
              Regular
            </Text>
          </TouchableOpacity>
          <TouchableOpacity
            activeOpacity={0.2}
            onPress={[Function]}
            style={
              Array [
                Object {
                  "backgroundColor": "#ccc",
                  "borderBottomWidth": 4,
                  "borderWidth": 1,
                  "height": 60,
                  "justifyContent": "center",
                  "paddingHorizontal": 30,
                },
                "",
              ]
            }
          >
            <Text
              accessible={true}
              allowFontScaling={true}
              ellipsizeMode="tail"
              style={
                Array [
                  Object {
                    "color": "#000",
                    "fontSize": 20,
                  },
                  "",
                ]
              }
            >
              Day to day
            </Text>
          </TouchableOpacity>
        </Styled(Component)>,
        <Component
          style={
            Object {
              "flex": 6,
            }
          }
        >
          <Connect(SpentDetails)
            selected="allSpending"
          />
        </Component>,
      ],
      "style": Object {
        "flex": 1,
        "justifyContent": "flex-start",
        "paddingHorizontal": 25,
      },
    },
    "ref": null,
    "rendered": Array [
      Object {
        "instance": null,
        "key": undefined,
        "nodeType": "class",
        "props": Object {
          "children": <Text
            accessible={true}
            allowFontScaling={true}
            ellipsizeMode="tail"
            style={
              Object {
                "fontSize": 18,
                "fontWeight": "bold",
              }
            }
          >
            Spent so far
          </Text>,
          "style": Object {
            "borderBottomColor": "#ccc",
            "borderBottomWidth": 1,
            "marginVertical": 20,
            "paddingBottom": 20,
          },
        },
        "ref": null,
        "rendered": Object {
          "instance": null,
          "key": undefined,
          "nodeType": "class",
          "props": Object {
            "accessible": true,
            "allowFontScaling": true,
            "children": "Spent so far",
            "ellipsizeMode": "tail",
            "style": Object {
              "fontSize": 18,
              "fontWeight": "bold",
            },
          },
          "ref": null,
          "rendered": "Spent so far",
          "type": [Function],
        },
        "type": [Function],
      },
      Object {
        "instance": null,
        "key": undefined,
        "nodeType": "class",
        "props": Object {
          "children": Array [
            <TouchableOpacity
              activeOpacity={0.2}
              onPress={[Function]}
              style={
                Array [
                  Object {
                    "backgroundColor": "#ccc",
                    "borderBottomWidth": 4,
                    "borderWidth": 1,
                    "height": 60,
                    "justifyContent": "center",
                    "paddingHorizontal": 30,
                  },
                  Object {
                    "backgroundColor": "#529FBE",
                  },
                ]
              }
            >
              <Text
                accessible={true}
                allowFontScaling={true}
                ellipsizeMode="tail"
                style={
                  Array [
                    Object {
                      "color": "#000",
                      "fontSize": 20,
                    },
                    Object {
                      "color": "#fff",
                    },
                  ]
                }
              >
                All
              </Text>
            </TouchableOpacity>,
            <TouchableOpacity
              activeOpacity={0.2}
              onPress={[Function]}
              style={
                Array [
                  Object {
                    "backgroundColor": "#ccc",
                    "borderBottomWidth": 4,
                    "borderWidth": 1,
                    "height": 60,
                    "justifyContent": "center",
                    "paddingHorizontal": 30,
                  },
                  "",
                ]
              }
            >
              <Text
                accessible={true}
                allowFontScaling={true}
                ellipsizeMode="tail"
                style={
                  Array [
                    Object {
                      "color": "#000",
                      "fontSize": 20,
                    },
                    "",
                  ]
                }
              >
                Regular
              </Text>
            </TouchableOpacity>,
            <TouchableOpacity
              activeOpacity={0.2}
              onPress={[Function]}
              style={
                Array [
                  Object {
                    "backgroundColor": "#ccc",
                    "borderBottomWidth": 4,
                    "borderWidth": 1,
                    "height": 60,
                    "justifyContent": "center",
                    "paddingHorizontal": 30,
                  },
                  "",
                ]
              }
            >
              <Text
                accessible={true}
                allowFontScaling={true}
                ellipsizeMode="tail"
                style={
                  Array [
                    Object {
                      "color": "#000",
                      "fontSize": 20,
                    },
                    "",
                  ]
                }
              >
                Day to day
              </Text>
            </TouchableOpacity>,
          ],
          "style": Object {
            "alignContent": "center",
            "alignSelf": "center",
            "flexDirection": "row",
            "marginVertical": 20,
          },
        },
        "ref": null,
        "rendered": Array [
          Object {
            "instance": null,
            "key": "All",
            "nodeType": "class",
            "props": Object {
              "activeOpacity": 0.2,
              "children": <Text
                accessible={true}
                allowFontScaling={true}
                ellipsizeMode="tail"
                style={
                  Array [
                    Object {
                      "color": "#000",
                      "fontSize": 20,
                    },
                    Object {
                      "color": "#fff",
                    },
                  ]
                }
              >
                All
              </Text>,
              "onPress": [Function],
              "style": Array [
                Object {
                  "backgroundColor": "#ccc",
                  "borderBottomWidth": 4,
                  "borderWidth": 1,
                  "height": 60,
                  "justifyContent": "center",
                  "paddingHorizontal": 30,
                },
                Object {
                  "backgroundColor": "#529FBE",
                },
              ],
            },
            "ref": null,
            "rendered": Object {
              "instance": null,
              "key": undefined,
              "nodeType": "class",
              "props": Object {
                "accessible": true,
                "allowFontScaling": true,
                "children": "All",
                "ellipsizeMode": "tail",
                "style": Array [
                  Object {
                    "color": "#000",
                    "fontSize": 20,
                  },
                  Object {
                    "color": "#fff",
                  },
                ],
              },
              "ref": null,
              "rendered": "All",
              "type": [Function],
            },
            "type": [Function],
          },
          Object {
            "instance": null,
            "key": "Regular",
            "nodeType": "class",
            "props": Object {
              "activeOpacity": 0.2,
              "children": <Text
                accessible={true}
                allowFontScaling={true}
                ellipsizeMode="tail"
                style={
                  Array [
                    Object {
                      "color": "#000",
                      "fontSize": 20,
                    },
                    "",
                  ]
                }
              >
                Regular
              </Text>,
              "onPress": [Function],
              "style": Array [
                Object {
                  "backgroundColor": "#ccc",
                  "borderBottomWidth": 4,
                  "borderWidth": 1,
                  "height": 60,
                  "justifyContent": "center",
                  "paddingHorizontal": 30,
                },
                "",
              ],
            },
            "ref": null,
            "rendered": Object {
              "instance": null,
              "key": undefined,
              "nodeType": "class",
              "props": Object {
                "accessible": true,
                "allowFontScaling": true,
                "children": "Regular",
                "ellipsizeMode": "tail",
                "style": Array [
                  Object {
                    "color": "#000",
                    "fontSize": 20,
                  },
                  "",
                ],
              },
              "ref": null,
              "rendered": "Regular",
              "type": [Function],
            },
            "type": [Function],
          },
          Object {
            "instance": null,
            "key": "Day to day",
            "nodeType": "class",
            "props": Object {
              "activeOpacity": 0.2,
              "children": <Text
                accessible={true}
                allowFontScaling={true}
                ellipsizeMode="tail"
                style={
                  Array [
                    Object {
                      "color": "#000",
                      "fontSize": 20,
                    },
                    "",
                  ]
                }
              >
                Day to day
              </Text>,
              "onPress": [Function],
              "style": Array [
                Object {
                  "backgroundColor": "#ccc",
                  "borderBottomWidth": 4,
                  "borderWidth": 1,
                  "height": 60,
                  "justifyContent": "center",
                  "paddingHorizontal": 30,
                },
                "",
              ],
            },
            "ref": null,
            "rendered": Object {
              "instance": null,
              "key": undefined,
              "nodeType": "class",
              "props": Object {
                "accessible": true,
                "allowFontScaling": true,
                "children": "Day to day",
                "ellipsizeMode": "tail",
                "style": Array [
                  Object {
                    "color": "#000",
                    "fontSize": 20,
                  },
                  "",
                ],
              },
              "ref": null,
              "rendered": "Day to day",
              "type": [Function],
            },
            "type": [Function],
          },
        ],
        "type": [Function],
      },
      Object {
        "instance": null,
        "key": undefined,
        "nodeType": "class",
        "props": Object {
          "children": <Connect(SpentDetails)
            selected="allSpending"
          />,
          "style": Object {
            "flex": 6,
          },
        },
        "ref": null,
        "rendered": Object {
          "instance": null,
          "key": undefined,
          "nodeType": "class",
          "props": Object {
            "selected": "allSpending",
          },
          "ref": null,
          "rendered": null,
          "type": [Function],
        },
        "type": [Function],
      },
    ],
    "type": [Function],
  },
  Symbol(enzyme.__nodes__): Array [
    Object {
      "instance": null,
      "key": undefined,
      "nodeType": "class",
      "props": Object {
        "children": Array [
          <Component
            style={
              Object {
                "borderBottomColor": "#ccc",
                "borderBottomWidth": 1,
                "marginVertical": 20,
                "paddingBottom": 20,
              }
            }
          >
            <Text
              accessible={true}
              allowFontScaling={true}
              ellipsizeMode="tail"
              style={
                Object {
                  "fontSize": 18,
                  "fontWeight": "bold",
                }
              }
            >
              Spent so far
            </Text>
          </Component>,
          <Styled(Component)
            style={
              Object {
                "alignContent": "center",
                "alignSelf": "center",
                "flexDirection": "row",
                "marginVertical": 20,
              }
            }
          >
            <TouchableOpacity
              activeOpacity={0.2}
              onPress={[Function]}
              style={
                Array [
                  Object {
                    "backgroundColor": "#ccc",
                    "borderBottomWidth": 4,
                    "borderWidth": 1,
                    "height": 60,
                    "justifyContent": "center",
                    "paddingHorizontal": 30,
                  },
                  Object {
                    "backgroundColor": "#529FBE",
                  },
                ]
              }
            >
              <Text
                accessible={true}
                allowFontScaling={true}
                ellipsizeMode="tail"
                style={
                  Array [
                    Object {
                      "color": "#000",
                      "fontSize": 20,
                    },
                    Object {
                      "color": "#fff",
                    },
                  ]
                }
              >
                All
              </Text>
            </TouchableOpacity>
            <TouchableOpacity
              activeOpacity={0.2}
              onPress={[Function]}
              style={
                Array [
                  Object {
                    "backgroundColor": "#ccc",
                    "borderBottomWidth": 4,
                    "borderWidth": 1,
                    "height": 60,
                    "justifyContent": "center",
                    "paddingHorizontal": 30,
                  },
                  "",
                ]
              }
            >
              <Text
                accessible={true}
                allowFontScaling={true}
                ellipsizeMode="tail"
                style={
                  Array [
                    Object {
                      "color": "#000",
                      "fontSize": 20,
                    },
                    "",
                  ]
                }
              >
                Regular
              </Text>
            </TouchableOpacity>
            <TouchableOpacity
              activeOpacity={0.2}
              onPress={[Function]}
              style={
                Array [
                  Object {
                    "backgroundColor": "#ccc",
                    "borderBottomWidth": 4,
                    "borderWidth": 1,
                    "height": 60,
                    "justifyContent": "center",
                    "paddingHorizontal": 30,
                  },
                  "",
                ]
              }
            >
              <Text
                accessible={true}
                allowFontScaling={true}
                ellipsizeMode="tail"
                style={
                  Array [
                    Object {
                      "color": "#000",
                      "fontSize": 20,
                    },
                    "",
                  ]
                }
              >
                Day to day
              </Text>
            </TouchableOpacity>
          </Styled(Component)>,
          <Component
            style={
              Object {
                "flex": 6,
              }
            }
          >
            <Connect(SpentDetails)
              selected="allSpending"
            />
          </Component>,
        ],
        "style": Object {
          "flex": 1,
          "justifyContent": "flex-start",
          "paddingHorizontal": 25,
        },
      },
      "ref": null,
      "rendered": Array [
        Object {
          "instance": null,
          "key": undefined,
          "nodeType": "class",
          "props": Object {
            "children": <Text
              accessible={true}
              allowFontScaling={true}
              ellipsizeMode="tail"
              style={
                Object {
                  "fontSize": 18,
                  "fontWeight": "bold",
                }
              }
            >
              Spent so far
            </Text>,
            "style": Object {
              "borderBottomColor": "#ccc",
              "borderBottomWidth": 1,
              "marginVertical": 20,
              "paddingBottom": 20,
            },
          },
          "ref": null,
          "rendered": Object {
            "instance": null,
            "key": undefined,
            "nodeType": "class",
            "props": Object {
              "accessible": true,
              "allowFontScaling": true,
              "children": "Spent so far",
              "ellipsizeMode": "tail",
              "style": Object {
                "fontSize": 18,
                "fontWeight": "bold",
              },
            },
            "ref": null,
            "rendered": "Spent so far",
            "type": [Function],
          },
          "type": [Function],
        },
        Object {
          "instance": null,
          "key": undefined,
          "nodeType": "class",
          "props": Object {
            "children": Array [
              <TouchableOpacity
                activeOpacity={0.2}
                onPress={[Function]}
                style={
                  Array [
                    Object {
                      "backgroundColor": "#ccc",
                      "borderBottomWidth": 4,
                      "borderWidth": 1,
                      "height": 60,
                      "justifyContent": "center",
                      "paddingHorizontal": 30,
                    },
                    Object {
                      "backgroundColor": "#529FBE",
                    },
                  ]
                }
              >
                <Text
                  accessible={true}
                  allowFontScaling={true}
                  ellipsizeMode="tail"
                  style={
                    Array [
                      Object {
                        "color": "#000",
                        "fontSize": 20,
                      },
                      Object {
                        "color": "#fff",
                      },
                    ]
                  }
                >
                  All
                </Text>
              </TouchableOpacity>,
              <TouchableOpacity
                activeOpacity={0.2}
                onPress={[Function]}
                style={
                  Array [
                    Object {
                      "backgroundColor": "#ccc",
                      "borderBottomWidth": 4,
                      "borderWidth": 1,
                      "height": 60,
                      "justifyContent": "center",
                      "paddingHorizontal": 30,
                    },
                    "",
                  ]
                }
              >
                <Text
                  accessible={true}
                  allowFontScaling={true}
                  ellipsizeMode="tail"
                  style={
                    Array [
                      Object {
                        "color": "#000",
                        "fontSize": 20,
                      },
                      "",
                    ]
                  }
                >
                  Regular
                </Text>
              </TouchableOpacity>,
              <TouchableOpacity
                activeOpacity={0.2}
                onPress={[Function]}
                style={
                  Array [
                    Object {
                      "backgroundColor": "#ccc",
                      "borderBottomWidth": 4,
                      "borderWidth": 1,
                      "height": 60,
                      "justifyContent": "center",
                      "paddingHorizontal": 30,
                    },
                    "",
                  ]
                }
              >
                <Text
                  accessible={true}
                  allowFontScaling={true}
                  ellipsizeMode="tail"
                  style={
                    Array [
                      Object {
                        "color": "#000",
                        "fontSize": 20,
                      },
                      "",
                    ]
                  }
                >
                  Day to day
                </Text>
              </TouchableOpacity>,
            ],
            "style": Object {
              "alignContent": "center",
              "alignSelf": "center",
              "flexDirection": "row",
              "marginVertical": 20,
            },
          },
          "ref": null,
          "rendered": Array [
            Object {
              "instance": null,
              "key": "All",
              "nodeType": "class",
              "props": Object {
                "activeOpacity": 0.2,
                "children": <Text
                  accessible={true}
                  allowFontScaling={true}
                  ellipsizeMode="tail"
                  style={
                    Array [
                      Object {
                        "color": "#000",
                        "fontSize": 20,
                      },
                      Object {
                        "color": "#fff",
                      },
                    ]
                  }
                >
                  All
                </Text>,
                "onPress": [Function],
                "style": Array [
                  Object {
                    "backgroundColor": "#ccc",
                    "borderBottomWidth": 4,
                    "borderWidth": 1,
                    "height": 60,
                    "justifyContent": "center",
                    "paddingHorizontal": 30,
                  },
                  Object {
                    "backgroundColor": "#529FBE",
                  },
                ],
              },
              "ref": null,
              "rendered": Object {
                "instance": null,
                "key": undefined,
                "nodeType": "class",
                "props": Object {
                  "accessible": true,
                  "allowFontScaling": true,
                  "children": "All",
                  "ellipsizeMode": "tail",
                  "style": Array [
                    Object {
                      "color": "#000",
                      "fontSize": 20,
                    },
                    Object {
                      "color": "#fff",
                    },
                  ],
                },
                "ref": null,
                "rendered": "All",
                "type": [Function],
              },
              "type": [Function],
            },
            Object {
              "instance": null,
              "key": "Regular",
              "nodeType": "class",
              "props": Object {
                "activeOpacity": 0.2,
                "children": <Text
                  accessible={true}
                  allowFontScaling={true}
                  ellipsizeMode="tail"
                  style={
                    Array [
                      Object {
                        "color": "#000",
                        "fontSize": 20,
                      },
                      "",
                    ]
                  }
                >
                  Regular
                </Text>,
                "onPress": [Function],
                "style": Array [
                  Object {
                    "backgroundColor": "#ccc",
                    "borderBottomWidth": 4,
                    "borderWidth": 1,
                    "height": 60,
                    "justifyContent": "center",
                    "paddingHorizontal": 30,
                  },
                  "",
                ],
              },
              "ref": null,
              "rendered": Object {
                "instance": null,
                "key": undefined,
                "nodeType": "class",
                "props": Object {
                  "accessible": true,
                  "allowFontScaling": true,
                  "children": "Regular",
                  "ellipsizeMode": "tail",
                  "style": Array [
                    Object {
                      "color": "#000",
                      "fontSize": 20,
                    },
                    "",
                  ],
                },
                "ref": null,
                "rendered": "Regular",
                "type": [Function],
              },
              "type": [Function],
            },
            Object {
              "instance": null,
              "key": "Day to day",
              "nodeType": "class",
              "props": Object {
                "activeOpacity": 0.2,
                "children": <Text
                  accessible={true}
                  allowFontScaling={true}
                  ellipsizeMode="tail"
                  style={
                    Array [
                      Object {
                        "color": "#000",
                        "fontSize": 20,
                      },
                      "",
                    ]
                  }
                >
                  Day to day
                </Text>,
                "onPress": [Function],
                "style": Array [
                  Object {
                    "backgroundColor": "#ccc",
                    "borderBottomWidth": 4,
                    "borderWidth": 1,
                    "height": 60,
                    "justifyContent": "center",
                    "paddingHorizontal": 30,
                  },
                  "",
                ],
              },
              "ref": null,
              "rendered": Object {
                "instance": null,
                "key": undefined,
                "nodeType": "class",
                "props": Object {
                  "accessible": true,
                  "allowFontScaling": true,
                  "children": "Day to day",
                  "ellipsizeMode": "tail",
                  "style": Array [
                    Object {
                      "color": "#000",
                      "fontSize": 20,
                    },
                    "",
                  ],
                },
                "ref": null,
                "rendered": "Day to day",
                "type": [Function],
              },
              "type": [Function],
            },
          ],
          "type": [Function],
        },
        Object {
          "instance": null,
          "key": undefined,
          "nodeType": "class",
          "props": Object {
            "children": <Connect(SpentDetails)
              selected="allSpending"
            />,
            "style": Object {
              "flex": 6,
            },
          },
          "ref": null,
          "rendered": Object {
            "instance": null,
            "key": undefined,
            "nodeType": "class",
            "props": Object {
              "selected": "allSpending",
            },
            "ref": null,
            "rendered": null,
            "type": [Function],
          },
          "type": [Function],
        },
      ],
      "type": [Function],
    },
  ],
  Symbol(enzyme.__options__): Object {
    "adapter": ReactSixteenAdapter {
      "options": Object {
        "enableComponentDidUpdateOnSetState": true,
        "lifecycles": Object {
          "componentDidUpdate": Object {
            "onSetState": true,
          },
          "getDerivedStateFromProps": true,
          "getSnapshotBeforeUpdate": true,
          "setState": Object {
            "skipsComponentDidUpdateOnNullish": true,
          },
        },
      },
    },
    "attachTo": undefined,
    "hydrateIn": undefined,
  },
}
`;
